../Core/Src/ili9341.c:9:13:ILI9341_Select	8	static
../Core/Src/ili9341.c:13:6:ILI9341_Unselect	8	static
../Core/Src/ili9341.c:17:13:ILI9341_Reset	8	static
../Core/Src/ili9341.c:23:13:ILI9341_WriteCommand	16	static
../Core/Src/ili9341.c:28:13:ILI9341_WriteData	24	static
../Core/Src/ili9341.c:40:13:ILI9341_SetAddressWindow	32	static
../Core/Src/ili9341.c:59:6:ILI9341_Init	120	static
../Core/Src/ili9341.c:214:6:ILI9341_DrawPixel	24	static
../Core/Src/ili9341.c:227:13:ILI9341_WriteChar	40	static
../Core/Src/ili9341.c:246:6:ILI9341_WriteString	32	static
../Core/Src/ili9341.c:272:6:ILI9341_FillRectangle	32	static
../Core/Src/ili9341.c:292:6:ILI9341_FillScreen	24	static
../Core/Src/ili9341.c:296:6:ILI9341_DrawImage	24	static
../Core/Src/ili9341.c:307:6:ILI9341_InvertColors	16	static
../Core/Src/ili9341.c:313:6:ILI9341_SetRotation	24	static
